
> ims-website@0.1.0 build
> react-scripts build

node.exe : [baseline-browser-mapping] The data in this module is over two months old.  To 
ensure accurate Baseline data, please update: `npm i baseline-browser-mapping@latest -D`
At C:\Program Files\nodejs\npm.ps1:29 char:3
+   & $NODE_EXE $NPM_CLI_JS $args
+   ~~~~~~~~~~~~~~~~~~~~~~~~~~~~~
    + CategoryInfo          : NotSpecified: ([baseline-brows...ping@latest -D`:String) [], Rem 
   oteException
    + FullyQualifiedErrorId : NativeCommandError
 
Creating an optimized production build...
[baseline-browser-mapping] The data in this module is over two months old.  To ensure accurate 
Baseline data, please update: `npm i baseline-browser-mapping@latest -D`
[baseline-browser-mapping] The data in this module is over two months old.  To ensure accurate 
Baseline data, please update: `npm i baseline-browser-mapping@latest -D`
[baseline-browser-mapping] The data in this module is over two months old.  To ensure accurate 
Baseline data, please update: `npm i baseline-browser-mapping@latest -D`
[baseline-browser-mapping] The data in this module is over two months old.  To ensure accurate 
Baseline data, please update: `npm i baseline-browser-mapping@latest -D`
[baseline-browser-mapping] The data in this module is over two months old.  To ensure accurate 
Baseline data, please update: `npm i baseline-browser-mapping@latest -D`
[baseline-browser-mapping] The data in this module is over two months old.  To ensure accurate 
Baseline data, please update: `npm i baseline-browser-mapping@latest -D`
[baseline-browser-mapping] The data in this module is over two months old.  To ensure accurate 
Baseline data, please update: `npm i baseline-browser-mapping@latest -D`
[baseline-browser-mapping] The data in this module is over two months old.  To ensure accurate 
Baseline data, please update: `npm i baseline-browser-mapping@latest -D`
[baseline-browser-mapping] The data in this module is over two months old.  To ensure accurate 
Baseline data, please update: `npm i baseline-browser-mapping@latest -D`
[baseline-browser-mapping] The data in this module is over two months old.  To ensure accurate 
Baseline data, please update: `npm i baseline-browser-mapping@latest -D`
[baseline-browser-mapping] The data in this module is over two months old.  To ensure accurate 
Baseline data, please update: `npm i baseline-browser-mapping@latest -D`
Compiled with warnings.

[eslint] 
src\admin\ManageFooter.js
  Line 16:10:  'loading' is assigned a value but never used  no-unused-vars

src\admin\ManagePrograms.js
  Line 5:27:   'FaPlus' is defined but never used                           no-unused-vars
  Line 110:9:  'handleHoverImageUpload' is assigned a value but never used  no-unused-vars

src\components\classes\Classes.jsx
  Line 24:21:  'error' is assigned a value but never used  no-unused-vars

src\components\common\footer\Footer.jsx
  Line 9:10:  'socialLinks' is assigned a value but never used  no-unused-vars

Search for the keywords to learn more about each warning.
To ignore, add // eslint-disable-next-line to the line before.

File sizes after gzip:

  137.52 kB  build\static\js\main.ea583dda.js
  11.27 kB   build\static\css\main.fa07bde6.css
  9.37 kB    build\static\js\256.64b14b17.chunk.js
  8.7 kB     build\static\css\256.216bef87.chunk.css
  4.67 kB    build\static\js\171.27b5d358.chunk.js
  3.7 kB     build\static\js\27.68fe0a4b.chunk.js
  3.4 kB     build\static\js\320.5fee70f0.chunk.js
  3.39 kB    build\static\js\936.96f77f9f.chunk.js
  3.34 kB    build\static\css\93.21b8b330.chunk.css
  3.33 kB    build\static\css\274.946893f2.chunk.css
  3.3 kB     build\static\js\490.ce526db2.chunk.js
  3.17 kB    build\static\js\951.674e9e66.chunk.js
  3.15 kB    build\static\js\929.62524f68.chunk.js
  2.96 kB    build\static\js\778.84a72269.chunk.js
  2.95 kB    build\static\js\890.3b8a9d9a.chunk.js
  2.79 kB    build\static\css\27.71b4753f.chunk.css
  2.76 kB    build\static\css\171.445f331e.chunk.css
  2.24 kB    build\static\css\936.df3e79bb.chunk.css
  2.24 kB    build\static\css\490.df3e79bb.chunk.css
  2.24 kB    build\static\css\890.df3e79bb.chunk.css
  2.24 kB    build\static\css\929.df3e79bb.chunk.css
  2.24 kB    build\static\css\951.df3e79bb.chunk.css
  2.21 kB    build\static\js\274.d176cfa2.chunk.js
  1.93 kB    build\static\css\320.836108c8.chunk.css
  1.88 kB    build\static\css\121.24b5a92c.chunk.css
  1.88 kB    build\static\css\269.24b5a92c.chunk.css
  1.88 kB    build\static\css\329.24b5a92c.chunk.css
  1.88 kB    build\static\css\933.24b5a92c.chunk.css
  1.84 kB    build\static\css\855.3f3f3062.chunk.css
  1.69 kB    build\static\js\93.2df838e8.chunk.js
  1.53 kB    build\static\js\329.cd101a51.chunk.js
  1.49 kB    build\static\js\855.c03e17a2.chunk.js
  1.42 kB    build\static\css\778.bf88eedd.chunk.css
  1.42 kB    build\static\js\269.18707169.chunk.js
  1.16 kB    build\static\js\121.73354f20.chunk.js
  973 B      build\static\js\933.c228d66c.chunk.js
  860 B      build\static\js\677.ff975d8b.chunk.js
  498 B      build\static\js\74.138f62cb.chunk.js
  274 B      build\static\css\677.0391bc27.chunk.css

The project was built assuming it is hosted at /.
You can control this with the homepage field in your package.json.

The build folder is ready to be deployed.
You may serve it with a static server:

  serve -s build

Find out more about deployment here:

  https://cra.link/deployment

